[0m13:59:21.222962 [debug] [MainThread]: Sending event: {'category': 'dbt', 'action': 'invocation', 'label': 'start', 'context': [<snowplow_tracker.self_describing_json.SelfDescribingJson object at 0x0000022C31DDA8D0>, <snowplow_tracker.self_describing_json.SelfDescribingJson object at 0x0000022C31DDAA50>, <snowplow_tracker.self_describing_json.SelfDescribingJson object at 0x0000022C31DDA900>]}


============================== 13:59:21.236698 | 3384cdcb-f546-446e-8a5a-d7b4f135a37c ==============================
[0m13:59:21.236698 [info ] [MainThread]: Running with dbt=1.11.9
[0m13:59:21.238118 [debug] [MainThread]: running dbt with arguments {'static_parser': 'True', 'no_print': 'None', 'version_check': 'True', 'target_path': 'None', 'warn_error_options': 'WarnErrorOptionsV2(error=[], warn=[], silence=[])', 'printer_width': '80', 'write_json': 'True', 'empty': 'None', 'log_cache_events': 'False', 'introspect': 'True', 'cache_selected_only': 'False', 'fail_fast': 'False', 'debug': 'False', 'log_format': 'default', 'profiles_dir': 'C:\\Users\\VamsiDobbala\\.dbt', 'send_anonymous_usage_stats': 'True', 'quiet': 'False', 'warn_error': 'None', 'partial_parse': 'True', 'use_colors': 'True', 'indirect_selection': 'eager', 'invocation_command': 'dbt init', 'use_experimental_parser': 'False', 'log_path': 'logs'}
[0m13:59:49.783332 [debug] [MainThread]: Starter project path: C:\Users\VamsiDobbala\OneDrive - BILVANTIS TECHNOLOGIES PRIVATE LIMITED\Documents\GitHub\DBT Snowflake\dbt-env\Lib\site-packages\dbt\include\starter_project
[0m13:59:49.866060 [info ] [MainThread]: 
Your new dbt project "dbt_superstore" was created!

For more information on how to configure the profiles.yml file,
please consult the dbt documentation here:

  https://docs.getdbt.com/docs/configure-your-profile

One more thing:

Need help? Don't hesitate to reach out to us via GitHub issues or on Slack:

  https://community.getdbt.com/

Happy modeling!

[0m13:59:49.866060 [info ] [MainThread]: Setting up your profile.
[0m13:59:55.480633 [debug] [MainThread]: Snowflake adapter: Setting snowflake.connector to ERROR (file logging only)
[0m13:59:55.496038 [debug] [MainThread]: Snowflake adapter: Setting botocore to ERROR (file logging only)
[0m13:59:55.496038 [debug] [MainThread]: Snowflake adapter: Setting boto3 to ERROR (file logging only)
[0m14:06:37.614784 [info ] [MainThread]: Profile dbt_superstore written to C:\Users\VamsiDobbala\.dbt\profiles.yml using target's profile_template.yml and your supplied values. Run 'dbt debug' to validate the connection.
[0m14:06:37.625079 [debug] [MainThread]: Command `dbt init` succeeded at 14:06:37.625079 after 436.75 seconds
[0m14:06:37.625079 [debug] [MainThread]: Sending event: {'category': 'dbt', 'action': 'invocation', 'label': 'end', 'context': [<snowplow_tracker.self_describing_json.SelfDescribingJson object at 0x0000022C3120F860>, <snowplow_tracker.self_describing_json.SelfDescribingJson object at 0x0000022C34727830>, <snowplow_tracker.self_describing_json.SelfDescribingJson object at 0x0000022C31BAF2F0>]}
[0m14:06:37.625079 [debug] [MainThread]: Flushing usage events
[0m14:06:39.229294 [debug] [MainThread]: An error was encountered while trying to flush usage events
[0m14:08:13.432309 [debug] [MainThread]: Sending event: {'category': 'dbt', 'action': 'invocation', 'label': 'start', 'context': [<snowplow_tracker.self_describing_json.SelfDescribingJson object at 0x000002087627E660>, <snowplow_tracker.self_describing_json.SelfDescribingJson object at 0x0000020876546FF0>, <snowplow_tracker.self_describing_json.SelfDescribingJson object at 0x0000020876470680>]}


============================== 14:08:13.432309 | c190437f-405b-452b-9638-b7ef215aad89 ==============================
[0m14:08:13.432309 [info ] [MainThread]: Running with dbt=1.11.9
[0m14:08:13.432309 [debug] [MainThread]: running dbt with arguments {'static_parser': 'True', 'no_print': 'None', 'version_check': 'True', 'target_path': 'None', 'warn_error_options': 'WarnErrorOptionsV2(error=[], warn=[], silence=[])', 'printer_width': '80', 'write_json': 'True', 'empty': 'None', 'log_cache_events': 'False', 'introspect': 'True', 'cache_selected_only': 'False', 'fail_fast': 'False', 'debug': 'False', 'log_format': 'default', 'profiles_dir': 'C:\\Users\\VamsiDobbala\\.dbt', 'send_anonymous_usage_stats': 'True', 'quiet': 'False', 'warn_error': 'None', 'partial_parse': 'True', 'indirect_selection': 'eager', 'invocation_command': 'dbt debug', 'use_colors': 'True', 'use_experimental_parser': 'False', 'log_path': 'logs'}
[0m14:08:13.517947 [info ] [MainThread]: dbt version: 1.11.9
[0m14:08:13.518948 [info ] [MainThread]: python version: 3.12.10
[0m14:08:13.519978 [info ] [MainThread]: python path: C:\Users\VamsiDobbala\OneDrive - BILVANTIS TECHNOLOGIES PRIVATE LIMITED\Documents\GitHub\DBT Snowflake\dbt-env\Scripts\python.exe
[0m14:08:13.521033 [info ] [MainThread]: os info: Windows-11-10.0.26200-SP0
[0m14:08:14.567119 [debug] [MainThread]: Snowflake adapter: Setting snowflake.connector to ERROR (file logging only)
[0m14:08:14.567119 [debug] [MainThread]: Snowflake adapter: Setting botocore to ERROR (file logging only)
[0m14:08:14.567119 [debug] [MainThread]: Snowflake adapter: Setting boto3 to ERROR (file logging only)
[0m14:08:14.737566 [info ] [MainThread]: Using profiles dir at C:\Users\VamsiDobbala\.dbt
[0m14:08:14.738564 [info ] [MainThread]: Using profiles.yml file at C:\Users\VamsiDobbala\.dbt\profiles.yml
[0m14:08:14.738564 [info ] [MainThread]: Using dbt_project.yml file at C:\Users\VamsiDobbala\OneDrive - BILVANTIS TECHNOLOGIES PRIVATE LIMITED\Documents\GitHub\DBT Snowflake\dbt_project.yml
[0m14:08:14.741565 [info ] [MainThread]: adapter type: snowflake
[0m14:08:14.741565 [info ] [MainThread]: adapter version: 1.11.4
[0m14:08:14.742591 [info ] [MainThread]: Configuration:
[0m14:08:14.743561 [info ] [MainThread]:   profiles.yml file [[32mOK found and valid[0m]
[0m14:08:14.743561 [info ] [MainThread]:   dbt_project.yml file [[31mERROR not found[0m]
[0m14:08:14.743561 [info ] [MainThread]: Required dependencies:
[0m14:08:14.744663 [debug] [MainThread]: Executing "git --help"
[0m14:08:14.832111 [debug] [MainThread]: STDOUT: "b"usage: git [-v | --version] [-h | --help] [-C <path>] [-c <name>=<value>]\n           [--exec-path[=<path>]] [--html-path] [--man-path] [--info-path]\n           [-p | --paginate | -P | --no-pager] [--no-replace-objects] [--no-lazy-fetch]\n           [--no-optional-locks] [--no-advice] [--bare] [--git-dir=<path>]\n           [--work-tree=<path>] [--namespace=<name>] [--config-env=<name>=<envvar>]\n           <command> [<args>]\n\nThese are common Git commands used in various situations:\n\nstart a working area (see also: git help tutorial)\n   clone      Clone a repository into a new directory\n   init       Create an empty Git repository or reinitialize an existing one\n\nwork on the current change (see also: git help everyday)\n   add        Add file contents to the index\n   mv         Move or rename a file, a directory, or a symlink\n   restore    Restore working tree files\n   rm         Remove files from the working tree and from the index\n\nexamine the history and state (see also: git help revisions)\n   bisect     Use binary search to find the commit that introduced a bug\n   diff       Show changes between commits, commit and working tree, etc\n   grep       Print lines matching a pattern\n   log        Show commit logs\n   show       Show various types of objects\n   status     Show the working tree status\n\ngrow, mark and tweak your common history\n   backfill   Download missing objects in a partial clone\n   branch     List, create, or delete branches\n   commit     Record changes to the repository\n   merge      Join two or more development histories together\n   rebase     Reapply commits on top of another base tip\n   reset      Reset current HEAD to the specified state\n   switch     Switch branches\n   tag        Create, list, delete or verify tags\n\ncollaborate (see also: git help workflows)\n   fetch      Download objects and refs from another repository\n   pull       Fetch from and integrate with another repository or a local branch\n   push       Update remote refs along with associated objects\n\n'git help -a' and 'git help -g' list available subcommands and some\nconcept guides. See 'git help <command>' or 'git help <concept>'\nto read about a specific subcommand or concept.\nSee 'git help git' for an overview of the system.\n""
[0m14:08:14.833064 [debug] [MainThread]: STDERR: "b''"
[0m14:08:14.833605 [info ] [MainThread]:  - git [[32mOK found[0m]

[0m14:08:14.834219 [info ] [MainThread]: Connection:
[0m14:08:14.834219 [info ] [MainThread]:   account: EJZUHOV-IXB49852
[0m14:08:14.834219 [info ] [MainThread]:   user: VAMSHICHOWDARY
[0m14:08:14.834219 [info ] [MainThread]:   database: SUPERSTORE_DB
[0m14:08:14.834219 [info ] [MainThread]:   warehouse: SUPERSTORE_WH
[0m14:08:14.834219 [info ] [MainThread]:   role: ACCOUNTADMIN
[0m14:08:14.834219 [info ] [MainThread]:   schema: SILVER
[0m14:08:14.834219 [info ] [MainThread]:   authenticator: None
[0m14:08:14.834219 [info ] [MainThread]:   oauth_client_id: None
[0m14:08:14.834219 [info ] [MainThread]:   query_tag: None
[0m14:08:14.834219 [info ] [MainThread]:   client_session_keep_alive: False
[0m14:08:14.834219 [info ] [MainThread]:   host: None
[0m14:08:14.834219 [info ] [MainThread]:   port: None
[0m14:08:14.840618 [info ] [MainThread]:   proxy_host: None
[0m14:08:14.840897 [info ] [MainThread]:   proxy_port: None
[0m14:08:14.840897 [info ] [MainThread]:   protocol: None
[0m14:08:14.841912 [info ] [MainThread]:   connect_retries: 1
[0m14:08:14.841912 [info ] [MainThread]:   connect_timeout: None
[0m14:08:14.842914 [info ] [MainThread]:   retry_on_database_errors: False
[0m14:08:14.842914 [info ] [MainThread]:   retry_all: False
[0m14:08:14.843907 [info ] [MainThread]:   insecure_mode: False
[0m14:08:14.843907 [info ] [MainThread]:   reuse_connections: True
[0m14:08:14.843907 [info ] [MainThread]:   s3_stage_vpce_dns_name: None
[0m14:08:14.843907 [info ] [MainThread]:   platform_detection_timeout_seconds: 0.0
[0m14:08:14.843907 [info ] [MainThread]: Registered adapter: snowflake=1.11.4
[0m14:08:15.440280 [debug] [MainThread]: Acquiring new snowflake connection 'debug'
[0m14:08:18.552918 [debug] [MainThread]: Using snowflake connection "debug"
[0m14:08:18.552918 [debug] [MainThread]: On debug: select 1 as id
[0m14:08:18.553925 [debug] [MainThread]: Opening a new connection, currently in state init
[0m14:08:21.593517 [debug] [MainThread]: SQL status: SUCCESS 1 in 3.040 seconds
[0m14:08:21.595879 [info ] [MainThread]:   Connection test: [[32mOK connection ok[0m]

[0m14:08:21.603827 [info ] [MainThread]: [31m1 check failed:[0m
[0m14:08:21.607840 [info ] [MainThread]: Project loading failed for the following reason:
 project path <C:\Users\VamsiDobbala\OneDrive - BILVANTIS TECHNOLOGIES PRIVATE LIMITED\Documents\GitHub\DBT Snowflake\dbt_project.yml> not found

[0m14:08:21.610401 [debug] [MainThread]: Command `dbt debug` failed at 14:08:21.609035 after 8.64 seconds
[0m14:08:21.610401 [debug] [MainThread]: Connection 'debug' was left open.
[0m14:08:21.611428 [debug] [MainThread]: On debug: Close
[0m14:08:22.183870 [debug] [MainThread]: Sending event: {'category': 'dbt', 'action': 'invocation', 'label': 'end', 'context': [<snowplow_tracker.self_describing_json.SelfDescribingJson object at 0x0000020877BA13D0>, <snowplow_tracker.self_describing_json.SelfDescribingJson object at 0x0000020876832C90>, <snowplow_tracker.self_describing_json.SelfDescribingJson object at 0x0000020878D54EC0>]}
[0m14:08:22.184958 [debug] [MainThread]: Flushing usage events
[0m14:08:24.060737 [debug] [MainThread]: An error was encountered while trying to flush usage events
[0m14:14:41.626559 [debug] [MainThread]: Sending event: {'category': 'dbt', 'action': 'invocation', 'label': 'start', 'context': [<snowplow_tracker.self_describing_json.SelfDescribingJson object at 0x0000016C14AFDA00>, <snowplow_tracker.self_describing_json.SelfDescribingJson object at 0x0000016C17971400>, <snowplow_tracker.self_describing_json.SelfDescribingJson object at 0x0000016C17970650>]}


============================== 14:14:41.637325 | aa3db16e-3611-4e48-b311-012d997418d9 ==============================
[0m14:14:41.637325 [info ] [MainThread]: Running with dbt=1.11.9
[0m14:14:41.639839 [debug] [MainThread]: running dbt with arguments {'static_parser': 'True', 'no_print': 'None', 'version_check': 'True', 'target_path': 'None', 'warn_error_options': 'WarnErrorOptionsV2(error=[], warn=[], silence=[])', 'printer_width': '80', 'write_json': 'True', 'empty': 'False', 'log_cache_events': 'False', 'introspect': 'True', 'cache_selected_only': 'False', 'fail_fast': 'False', 'debug': 'False', 'log_format': 'default', 'profiles_dir': 'C:\\Users\\VamsiDobbala\\.dbt', 'send_anonymous_usage_stats': 'True', 'quiet': 'False', 'warn_error': 'None', 'partial_parse': 'True', 'use_colors': 'True', 'invocation_command': 'dbt run', 'indirect_selection': 'eager', 'use_experimental_parser': 'False', 'log_path': 'logs'}
[0m14:14:41.639839 [error] [MainThread]: Encountered an error:
Runtime Error
  No dbt_project.yml found at expected path C:\Users\VamsiDobbala\OneDrive - BILVANTIS TECHNOLOGIES PRIVATE LIMITED\Documents\GitHub\DBT Snowflake\dbt_project.yml
  Verify that each entry within packages.yml (and their transitive dependencies) contains a file named dbt_project.yml
  
[0m14:14:41.639839 [debug] [MainThread]: Command `dbt run` failed at 14:14:41.639839 after 0.39 seconds
[0m14:14:41.639839 [debug] [MainThread]: Sending event: {'category': 'dbt', 'action': 'invocation', 'label': 'end', 'context': [<snowplow_tracker.self_describing_json.SelfDescribingJson object at 0x0000016C14AFDA00>, <snowplow_tracker.self_describing_json.SelfDescribingJson object at 0x0000016C171FA630>, <snowplow_tracker.self_describing_json.SelfDescribingJson object at 0x0000016C1914B710>]}
[0m14:14:41.639839 [debug] [MainThread]: Flushing usage events
[0m14:14:43.318430 [debug] [MainThread]: An error was encountered while trying to flush usage events
